nohup: ignorando entrada
SLF4J(I): Connected with provider of type [ch.qos.logback.classic.spi.LogbackServiceProvider]

  .   ____          _            __ _ _
 /\\ / ___'_ __ _ _(_)_ __  __ _ \ \ \ \
( ( )\___ | '_ | '_| | '_ \/ _` | \ \ \ \
 \\/  ___)| |_)| | | | | || (_| |  ) ) ) )
  '  |____| .__|_| |_|_| |_\__, | / / / /
 =========|_|==============|___/=/_/_/_/

 :: Spring Boot ::                (v3.3.5)

2025-11-24T14:00:49.394-03:00  INFO 2410963 --- [backend] [           main] c.backend.pi.backend.BackendApplication  : Starting BackendApplication v0.0.1-SNAPSHOT using Java 17.0.16 with PID 2410963 (/home/danmo23/Documentos/GitHub/3ano-mostra/backend/target/backend-0.0.1-SNAPSHOT.jar started by danmo23 in /home/danmo23/Documentos/GitHub/3ano-mostra/backend)
2025-11-24T14:00:49.399-03:00  INFO 2410963 --- [backend] [           main] c.backend.pi.backend.BackendApplication  : No active profile set, falling back to 1 default profile: "default"
2025-11-24T14:00:51.092-03:00  INFO 2410963 --- [backend] [           main] .s.d.r.c.RepositoryConfigurationDelegate : Bootstrapping Spring Data JPA repositories in DEFAULT mode.
2025-11-24T14:00:51.261-03:00  INFO 2410963 --- [backend] [           main] .s.d.r.c.RepositoryConfigurationDelegate : Finished Spring Data repository scanning in 148 ms. Found 12 JPA repository interfaces.
2025-11-24T14:00:52.541-03:00  INFO 2410963 --- [backend] [           main] o.s.b.w.embedded.tomcat.TomcatWebServer  : Tomcat initialized with port 8080 (http)
2025-11-24T14:00:52.578-03:00  INFO 2410963 --- [backend] [           main] o.apache.catalina.core.StandardService   : Starting service [Tomcat]
2025-11-24T14:00:52.578-03:00  INFO 2410963 --- [backend] [           main] o.apache.catalina.core.StandardEngine    : Starting Servlet engine: [Apache Tomcat/10.1.31]
2025-11-24T14:00:52.665-03:00  INFO 2410963 --- [backend] [           main] o.a.c.c.C.[Tomcat].[localhost].[/]       : Initializing Spring embedded WebApplicationContext
2025-11-24T14:00:52.667-03:00  INFO 2410963 --- [backend] [           main] w.s.c.ServletWebServerApplicationContext : Root WebApplicationContext: initialization completed in 3149 ms
2025-11-24T14:00:53.012-03:00  INFO 2410963 --- [backend] [           main] o.hibernate.jpa.internal.util.LogHelper  : HHH000204: Processing PersistenceUnitInfo [name: default]
2025-11-24T14:00:53.109-03:00  INFO 2410963 --- [backend] [           main] org.hibernate.Version                    : HHH000412: Hibernate ORM core version 6.5.3.Final
2025-11-24T14:00:53.177-03:00  INFO 2410963 --- [backend] [           main] o.h.c.internal.RegionFactoryInitiator    : HHH000026: Second-level cache disabled
2025-11-24T14:00:53.772-03:00  INFO 2410963 --- [backend] [           main] o.s.o.j.p.SpringPersistenceUnitInfo      : No LoadTimeWeaver setup: ignoring JPA class transformer
2025-11-24T14:00:53.833-03:00  INFO 2410963 --- [backend] [           main] com.zaxxer.hikari.HikariDataSource       : HikariPool-1 - Starting...
2025-11-24T14:00:54.193-03:00  INFO 2410963 --- [backend] [           main] com.zaxxer.hikari.pool.HikariPool        : HikariPool-1 - Added connection com.mysql.cj.jdbc.ConnectionImpl@5cc3e49b
2025-11-24T14:00:54.197-03:00  INFO 2410963 --- [backend] [           main] com.zaxxer.hikari.HikariDataSource       : HikariPool-1 - Start completed.
2025-11-24T14:00:54.297-03:00  WARN 2410963 --- [backend] [           main] org.hibernate.orm.deprecation            : HHH90000025: MySQLDialect does not need to be specified explicitly using 'hibernate.dialect' (remove the property setting and it will be selected by default)
2025-11-24T14:00:56.210-03:00  INFO 2410963 --- [backend] [           main] o.h.e.t.j.p.i.JtaPlatformInitiator       : HHH000489: No JTA platform available (set 'hibernate.transaction.jta.platform' to enable JTA platform integration)
2025-11-24T14:00:56.375-03:00  INFO 2410963 --- [backend] [           main] j.LocalContainerEntityManagerFactoryBean : Initialized JPA EntityManagerFactory for persistence unit 'default'
2025-11-24T14:00:56.878-03:00  INFO 2410963 --- [backend] [           main] o.s.d.j.r.query.QueryEnhancerFactory     : Hibernate is in classpath; If applicable, HQL parser will be used.
2025-11-24T14:00:58.629-03:00  WARN 2410963 --- [backend] [           main] JpaBaseConfiguration$JpaWebConfiguration : spring.jpa.open-in-view is enabled by default. Therefore, database queries may be performed during view rendering. Explicitly configure spring.jpa.open-in-view to disable this warning
2025-11-24T14:00:59.513-03:00  INFO 2410963 --- [backend] [           main] o.s.b.w.embedded.tomcat.TomcatWebServer  : Tomcat started on port 8080 (http) with context path '/'
2025-11-24T14:00:59.552-03:00  INFO 2410963 --- [backend] [           main] c.backend.pi.backend.BackendApplication  : Started BackendApplication in 11.286 seconds (process running for 12.272)
2025-11-24T14:00:59.696-03:00 DEBUG 2410963 --- [backend] [           main] org.hibernate.SQL                        : 
    select
        count(*) 
    from
        arcos a1_0
Hibernate: 
    select
        count(*) 
    from
        arcos a1_0
2025-11-24T14:00:59.719-03:00 DEBUG 2410963 --- [backend] [           main] org.hibernate.SQL                        : 
    select
        count(*) 
    from
        relatorio_turma rt1_0
Hibernate: 
    select
        count(*) 
    from
        relatorio_turma rt1_0
2025-11-24T14:01:06.954-03:00  INFO 2410963 --- [backend] [nio-8080-exec-1] o.a.c.c.C.[Tomcat].[localhost].[/]       : Initializing Spring DispatcherServlet 'dispatcherServlet'
2025-11-24T14:01:06.955-03:00  INFO 2410963 --- [backend] [nio-8080-exec-1] o.s.web.servlet.DispatcherServlet        : Initializing Servlet 'dispatcherServlet'
2025-11-24T14:01:06.957-03:00  INFO 2410963 --- [backend] [nio-8080-exec-1] o.s.web.servlet.DispatcherServlet        : Completed initialization in 2 ms
